Component: ARM Compiler 6.16 Tool: armlink [5dfeaa00]

==============================================================================

Section Cross References

    main.o(RESET) refers to main.o(.text) for Start


==============================================================================

Image Symbol Table

    Local Symbols

    Symbol Name                              Value     Ov Type        Size  Object(Section)

    main.s                                   0x00000000   Number         0  main.o ABSOLUTE
    RESET                                    0x08000000   Section       84  main.o(RESET)
    Start                                    0x08000055   Thumb Code     0  main.o(.text)
    .text                                    0x08000054   Section      512  main.o(.text)
    NMI_Handler                              0x080001d9   Thumb Code     0  main.o(.text)
    HardFault_Handler                        0x080001db   Thumb Code     0  main.o(.text)
    SysTick_Handler                          0x080001dd   Thumb Code     0  main.o(.text)

    Global Symbols

    Symbol Name                              Value     Ov Type        Size  Object(Section)

    BuildAttributes$$THM_ISAv4$P$D$K$B$S$A:L22UL41UL21$X:L11$S22US41US21$IEEE1$~IW$USESV6$~STKCKD$USESV7$~SHL$OSPACE$EBA8$MICROLIB$PRES8$EABIv2 0x00000000   Number         0  anon$$obj.o ABSOLUTE



==============================================================================

Memory Map of the image

  Image Entry point : 0x08000055

  Load Region LR_IROM1 (Base: 0x08000000, Size: 0x00000254, Max: 0x00010000, ABSOLUTE)

    Execution Region ER_IROM1 (Exec base: 0x08000000, Load base: 0x08000000, Size: 0x00000254, Max: 0x00010000, ABSOLUTE)

    Exec Addr    Load Addr    Size         Type   Attr      Idx    E Section Name        Object

    0x08000000   0x08000000   0x00000054   Data   RO            1    RESET               main.o
    0x08000054   0x08000054   0x00000200   Code   RO            2  * .text               main.o


    Execution Region RW_IRAM1 (Exec base: 0x20000000, Load base: 0x08000254, Size: 0x00000000, Max: 0x00005000, ABSOLUTE)

    **** No section assigned to this execution region ****


==============================================================================

Image component sizes


      Code (inc. data)   RO Data    RW Data    ZI Data      Debug   Object Name

       512         88         84          0          0        348   main.o

    ----------------------------------------------------------------------
       512         88         84          0          0        348   Object Totals
         0          0          0          0          0          0   (incl. Generated)
         0          0          0          0          0          0   (incl. Padding)

    ----------------------------------------------------------------------
         0          0          0          0          0          0   Library Totals
         0          0          0          0          0          0   (incl. Padding)

    ----------------------------------------------------------------------

==============================================================================


      Code (inc. data)   RO Data    RW Data    ZI Data      Debug   

       512         88         84          0          0        348   Grand Totals
       512         88         84          0          0        348   ELF Image Totals
       512         88         84          0          0          0   ROM Totals

==============================================================================

    Total RO  Size (Code + RO Data)                  596 (   0.58kB)
    Total RW  Size (RW Data + ZI Data)                 0 (   0.00kB)
    Total ROM Size (Code + RO Data + RW Data)        596 (   0.58kB)

==============================================================================

